I'm sorry, but errors were detected in your script. Please correct the
errors listed below, and try again.


File "game/script.rpy", line 323: expected ':' not found.
    label hi
            ^

Ren'Py Version: Ren'Py 8.1.3.23091805
Wed Nov  1 21:25:41 2023
